data: {"chunk": "📋 即将为您生成课程大纲：Python装饰器<br><br>⏳ 正在生成中，请稍候...<br>=================================================="}

data: {"chunk": "<br>[0%] 🚀 开始生成课程大纲：Python装饰器"}

data: {"chunk": "<br>[60%] ✅ 大纲内容生成完成，正在保存..."}

data: {"done": true}

